// Jest Snapshot v1, https://goo.gl/fbAQLP

exports[`equipments return the initial state 1`] = `Object {}`;
